// Jest Snapshot v1, https://goo.gl/fbAQLP

exports[`<SecurityInterceptor /> user not logged should render with the given <UnauthenticatedComponent /> to Login 1`] = `null`;
